// Jest Snapshot v1, https://goo.gl/fbAQLP

exports[`SortPanel render component correctly 1`] = `
<div
  className="results"
>
  <SortPanel
    handleSortByChange={[Function]}
    movies={
      Array [
        Object {
          "budget": 0,
          "genres": Array [
            "Action",
            "Adventure",
            "Science Fiction",
          ],
          "id": 447365,
          "overview": "The third film based on Marvel's Guardians of the Galaxy.",
          "poster_path": "https://image.tmdb.org/t/p/w500/ldoY4fTZkGISMidNw60GHoNdgP8.jpg",
          "release_date": "2020-05-01",
          "revenue": 0,
          "runtime": null,
          "tagline": "",
          "title": "Guardians of the Galaxy Vol. 3",
          "vote_average": 0,
          "vote_count": 9,
        },
        Object {
          "budget": 0,
          "genres": Array [
            "Action",
            "Science Fiction",
          ],
          "id": 320288,
          "overview": "Gathered together by Professor Charles Xavier to protect a world that fears and hates them, the X-Men had fought many battles, been on adventures that spanned galaxies, grappled enemies of limitless might, but none of this could prepare them for the most shocking struggle they would ever face. One of their own members, Jean Grey, has gained power beyond all comprehension, and that power has corrupted her absolutely! Now, they must decide if the life of the woman they cherish is worth the existence of the entire universe!",
          "poster_path": "https://image.tmdb.org/t/p/w500/6qmsupE0opYPIaBGe7T5D2FBzLs.jpg",
          "release_date": "2019-02-14",
          "revenue": 0,
          "runtime": null,
          "tagline": "",
          "title": "X-Men: Dark Phoenix",
          "vote_average": 0,
          "vote_count": 0,
        },
        Object {
          "budget": 0,
          "genres": Array [
            "Comedy",
            "Drama",
            "Thriller",
          ],
          "id": 421044,
          "overview": "When a drifter befriends a quirky mortician, an unlikely business partnership is formed. Paranoia soon develops, however, and both men are forced to come to terms with the fragility of friendship and loyalty.",
          "poster_path": "https://image.tmdb.org/t/p/w500/5Knp0sBWb4hLTc49qaiDjZ4DYV8.jpg",
          "release_date": "2018-03-30",
          "revenue": 0,
          "runtime": 108,
          "tagline": "Friendship before money",
          "title": "Best F(r)iends",
          "vote_average": 3.3,
          "vote_count": 9,
        },
        Object {
          "budget": 55000000,
          "genres": Array [
            "Adventure",
            "Drama",
            "Western",
          ],
          "id": 384680,
          "overview": "A legendary Native American-hating Army captain nearing retirement in 1892 is given one last assignment: to escort a Cheyenne chief and his family through dangerous territory back to his Montana reservation.",
          "poster_path": "https://image.tmdb.org/t/p/w500/rqoezyB51GfhiloOB5ZErg5HXas.jpg",
          "release_date": "2017-12-22",
          "revenue": 29790924,
          "runtime": 133,
          "tagline": "No peace without sacrifice",
          "title": "Hostiles",
          "vote_average": 6.1,
          "vote_count": 272,
        },
      ]
    }
    sortByConfig={
      Array [
        Object {
          "active": true,
          "fieldToSortBy": "release_date",
          "name": "release date",
        },
        Object {
          "active": false,
          "fieldToSortBy": "vote_average",
          "name": "rating",
        },
      ]
    }
  />
  <div
    className="results__items "
  >
    <Movie
      data={
        Object {
          "budget": 0,
          "genres": Array [
            "Action",
            "Adventure",
            "Science Fiction",
          ],
          "id": 447365,
          "overview": "The third film based on Marvel's Guardians of the Galaxy.",
          "poster_path": "https://image.tmdb.org/t/p/w500/ldoY4fTZkGISMidNw60GHoNdgP8.jpg",
          "release_date": "2020-05-01",
          "revenue": 0,
          "runtime": null,
          "tagline": "",
          "title": "Guardians of the Galaxy Vol. 3",
          "vote_average": 0,
          "vote_count": 9,
        }
      }
      key="447365"
    />
    <Movie
      data={
        Object {
          "budget": 0,
          "genres": Array [
            "Action",
            "Science Fiction",
          ],
          "id": 320288,
          "overview": "Gathered together by Professor Charles Xavier to protect a world that fears and hates them, the X-Men had fought many battles, been on adventures that spanned galaxies, grappled enemies of limitless might, but none of this could prepare them for the most shocking struggle they would ever face. One of their own members, Jean Grey, has gained power beyond all comprehension, and that power has corrupted her absolutely! Now, they must decide if the life of the woman they cherish is worth the existence of the entire universe!",
          "poster_path": "https://image.tmdb.org/t/p/w500/6qmsupE0opYPIaBGe7T5D2FBzLs.jpg",
          "release_date": "2019-02-14",
          "revenue": 0,
          "runtime": null,
          "tagline": "",
          "title": "X-Men: Dark Phoenix",
          "vote_average": 0,
          "vote_count": 0,
        }
      }
      key="320288"
    />
    <Movie
      data={
        Object {
          "budget": 0,
          "genres": Array [
            "Comedy",
            "Drama",
            "Thriller",
          ],
          "id": 421044,
          "overview": "When a drifter befriends a quirky mortician, an unlikely business partnership is formed. Paranoia soon develops, however, and both men are forced to come to terms with the fragility of friendship and loyalty.",
          "poster_path": "https://image.tmdb.org/t/p/w500/5Knp0sBWb4hLTc49qaiDjZ4DYV8.jpg",
          "release_date": "2018-03-30",
          "revenue": 0,
          "runtime": 108,
          "tagline": "Friendship before money",
          "title": "Best F(r)iends",
          "vote_average": 3.3,
          "vote_count": 9,
        }
      }
      key="421044"
    />
    <Movie
      data={
        Object {
          "budget": 55000000,
          "genres": Array [
            "Adventure",
            "Drama",
            "Western",
          ],
          "id": 384680,
          "overview": "A legendary Native American-hating Army captain nearing retirement in 1892 is given one last assignment: to escort a Cheyenne chief and his family through dangerous territory back to his Montana reservation.",
          "poster_path": "https://image.tmdb.org/t/p/w500/rqoezyB51GfhiloOB5ZErg5HXas.jpg",
          "release_date": "2017-12-22",
          "revenue": 29790924,
          "runtime": 133,
          "tagline": "No peace without sacrifice",
          "title": "Hostiles",
          "vote_average": 6.1,
          "vote_count": 272,
        }
      }
      key="384680"
    />
  </div>
</div>
`;
