// Jest Snapshot v1, https://goo.gl/fbAQLP

exports[`Render correctly App component 1`] = `
<div
  className="app-wrapper"
>
  <header>
    <h3>
      netflixroulette
    </h3>
    <div
      className="search"
    >
      <h4>
        Find your movie
      </h4>
      <div
        className="search__input-wrapper"
      >
        <input
          name="movie"
          onChange={[Function]}
          value=""
        />
      </div>
      <div
        className="search-by"
      >
        <p>
          Search by
        </p>
        <ul>
          <li>
            <button>
              Title
            </button>
          </li>
          <li>
            <button>
              Genre
            </button>
          </li>
        </ul>
        <button>
          Search
        </button>
      </div>
    </div>
  </header>
  <div
    className="results"
  >
    <div>
      Sort Panel
    </div>
    <div
      className="results__items"
    >
      No items were found
    </div>
  </div>
  <footer
    className="footer"
  >
    <h3>
      netflixroulette
    </h3>
  </footer>
</div>
`;
